// Vitest Snapshot v1, https://vitest.dev/guide/snapshot.html

exports[`Modal > Matches snapshot 1`] = `
<dialog
  data-testid="modal-test"
>
  <header>
    <h2>
      test
    </h2>
    <button
      class="action"
      data-testid="icon-button"
      title="Close"
    >
      <svg
        aria-hidden="true"
        fill="none"
        height="24"
        viewBox="0 0 20 20"
        width="24"
        xmlns="http://www.w3.org/2000/svg"
      >
        <path
          d="m13 7-6 6m0-6 6 6m6-3a9 9 0 1 1-18 0 9 9 0 0 1 18 0Z"
          stroke="currentColor"
          stroke-linecap="round"
          stroke-linejoin="round"
          stroke-width="2"
        />
      </svg>
    </button>
  </header>
  <div>
    TEST
  </div>
</dialog>
`;
